// Jest Snapshot v1, https://goo.gl/fbAQLP

exports[`Firecracker constructor should throw if Firestore did not set timestampsInSnapshots 1`] = `"Firecracker: Firestore must set \`timestampsInSnapshots\` to \`true\`. Please add this line before initiating Firecracker \`firebase.firestore().settings({ timestampsInSnapshots: true });\`"`;
